ARM Linker, 5.03 [Build 76] [MDK-ARM Lite]

==============================================================================

Section Cross References

    assembly_exp1_solution.o(EXAMPLE) refers to assembly_exp1_solution.o(VARIABLES) for INC_VALUE
    sam7.o(STACK) refers (Special) to heapauxi.o(.text) for __use_two_region_memory
    sam7.o(HEAP) refers (Special) to heapauxi.o(.text) for __use_two_region_memory
    sam7.o(RESET) refers (Special) to heapauxi.o(.text) for __use_two_region_memory
    sam7.o(RESET) refers to sam7.o(STACK) for Stack_Top
    sam7.o(RESET) refers to __main.o(!!!main) for __main
    sam7.o(.text) refers (Special) to heapauxi.o(.text) for __use_two_region_memory
    sam7.o(.text) refers to sam7.o(HEAP) for Heap_Mem
    sam7.o(.text) refers to sam7.o(STACK) for Stack_Mem
    retarget_solution.o(.text) refers (Special) to use_no_semi.o(.text) for __use_no_semihosting_swi
    retarget_solution.o(.text) refers to usart0_solution.o(COMPORT) for USART0_Transmit
    retarget_solution.o(.data) refers (Special) to use_no_semi.o(.text) for __use_no_semihosting_swi
    integer_convert.o(.text) refers to dflt_noclz.o(x$fpl$dfltu) for __aeabi_ui2d
    integer_convert.o(.text) refers to pow.o(i.pow) for pow
    integer_convert.o(.text) refers to dfix.o(x$fpl$dfix) for __aeabi_d2iz
    integer_convert.o(.text) refers to aeabi_sdiv.o(.text) for __aeabi_idivmod
    integer_convert.o(.text) refers to aeabi_sdiv.o(.text_udiv) for __aeabi_uidivmod
    pit_example.o(.text) refers to dflt_noclz.o(x$fpl$dfltu) for __aeabi_ui2d
    pit_example.o(.text) refers to dmul.o(x$fpl$dmul) for __aeabi_dmul
    pit_example.o(.text) refers to ddiv.o(x$fpl$ddiv) for __aeabi_ddiv
    pit_example.o(.text) refers to d2f.o(x$fpl$d2f) for __aeabi_d2f
    pit_example.o(.text) refers to ffixu.o(x$fpl$ffixu) for __aeabi_f2uiz
    pit_example.o(.text) refers to fflt_noclz.o(x$fpl$ffltu) for __aeabi_ui2f
    pit_example.o(.text) refers to faddsub_noclz.o(x$fpl$frsb) for __aeabi_frsub
    pit_example.o(.text) refers to fmul.o(x$fpl$fmul) for __aeabi_fmul
    pit_example.o(.text) refers to integer_convert.o(.text) for Integer_ASCII_unsigned
    pit_example.o(.text) refers to assembly_exp1_solution.o(EXAMPLE) for USER_LEDS_INIT
    pit_example.o(.text) refers to tc_assembly.o(EXAMPLE) for TC0_INIT
    pit_example.o(.text) refers to usart0_solution.o(COMPORT) for USART0_INIT
    pit_example.o(.text) refers to pit_example.o(.data) for intervals_g
    pit_example.o(.text) refers to pit_example.o(.bss) for print_array_g
    aeabi_sdiv.o(.text_udiv) refers to aeabi_sdiv.o(.text) for __arm_div2
    aeabi_sdiv_div0.o(.text_udiv) refers to aeabi_sdiv_div0.o(.text) for __arm_div2
    __main.o(!!!main) refers to rtentry.o(.ARM.Collect$$rtentry$$00000000) for __rt_entry
    d2f.o(x$fpl$d2f) refers (Special) to usenofp.o(x$fpl$usenofp) for __I$use$fp
    d2f.o(x$fpl$d2f) refers to fretinf.o(x$fpl$fretinf) for __fpl_fretinf
    d2f.o(x$fpl$d2f) refers to dnaninf.o(x$fpl$dnaninf) for __fpl_dnaninf
    ddiv.o(x$fpl$drdiv) refers (Special) to usenofp.o(x$fpl$usenofp) for __I$use$fp
    ddiv.o(x$fpl$drdiv) refers to ddiv.o(x$fpl$ddiv) for ddiv_entry
    ddiv.o(x$fpl$ddiv) refers (Special) to usenofp.o(x$fpl$usenofp) for __I$use$fp
    ddiv.o(x$fpl$ddiv) refers to dretinf.o(x$fpl$dretinf) for __fpl_dretinf
    ddiv.o(x$fpl$ddiv) refers to dnaninf.o(x$fpl$dnaninf) for __fpl_dnaninf
    dfix.o(x$fpl$dfix) refers (Special) to usenofp.o(x$fpl$usenofp) for __I$use$fp
    dfix.o(x$fpl$dfix) refers to dnaninf.o(x$fpl$dnaninf) for __fpl_dnaninf
    dfix.o(x$fpl$dfixr) refers (Special) to usenofp.o(x$fpl$usenofp) for __I$use$fp
    dfix.o(x$fpl$dfixr) refers to dnaninf.o(x$fpl$dnaninf) for __fpl_dnaninf
    dflt_noclz.o(x$fpl$dfltu) refers (Special) to usenofp.o(x$fpl$usenofp) for __I$use$fp
    dflt_noclz.o(x$fpl$dfltu) refers to dflt_noclz.o(x$fpl$dflt) for __dflt_normalise
    dflt_noclz.o(x$fpl$dflt) refers (Special) to usenofp.o(x$fpl$usenofp) for __I$use$fp
    dmul.o(x$fpl$dmul) refers (Special) to usenofp.o(x$fpl$usenofp) for __I$use$fp
    dmul.o(x$fpl$dmul) refers to dretinf.o(x$fpl$dretinf) for __fpl_dretinf
    dmul.o(x$fpl$dmul) refers to dnaninf.o(x$fpl$dnaninf) for __fpl_dnaninf
    faddsub_noclz.o(x$fpl$fadd) refers (Special) to usenofp.o(x$fpl$usenofp) for __I$use$fp
    faddsub_noclz.o(x$fpl$fadd) refers to faddsub_noclz.o(x$fpl$fsub) for _fsub1
    faddsub_noclz.o(x$fpl$fadd) refers to fretinf.o(x$fpl$fretinf) for __fpl_fretinf
    faddsub_noclz.o(x$fpl$fadd) refers to fnaninf.o(x$fpl$fnaninf) for __fpl_fnaninf
    faddsub_noclz.o(x$fpl$frsb) refers (Special) to usenofp.o(x$fpl$usenofp) for __I$use$fp
    faddsub_noclz.o(x$fpl$frsb) refers to faddsub_noclz.o(x$fpl$fadd) for _fadd1
    faddsub_noclz.o(x$fpl$frsb) refers to faddsub_noclz.o(x$fpl$fsub) for _fsub1
    faddsub_noclz.o(x$fpl$fsub) refers (Special) to usenofp.o(x$fpl$usenofp) for __I$use$fp
    faddsub_noclz.o(x$fpl$fsub) refers to faddsub_noclz.o(x$fpl$fadd) for _fadd1
    faddsub_noclz.o(x$fpl$fsub) refers to fnaninf.o(x$fpl$fnaninf) for __fpl_fnaninf
    ffixu.o(x$fpl$ffixu) refers (Special) to usenofp.o(x$fpl$usenofp) for __I$use$fp
    ffixu.o(x$fpl$ffixu) refers to fnaninf.o(x$fpl$fnaninf) for __fpl_fnaninf
    ffixu.o(x$fpl$ffixur) refers (Special) to usenofp.o(x$fpl$usenofp) for __I$use$fp
    ffixu.o(x$fpl$ffixur) refers to fnaninf.o(x$fpl$fnaninf) for __fpl_fnaninf
    fflt_noclz.o(x$fpl$ffltu) refers (Special) to usenofp.o(x$fpl$usenofp) for __I$use$fp
    fflt_noclz.o(x$fpl$ffltu) refers to fflt_noclz.o(x$fpl$fflt) for __fflt_normalise
    fflt_noclz.o(x$fpl$fflt) refers (Special) to usenofp.o(x$fpl$usenofp) for __I$use$fp
    fmul.o(x$fpl$fmul) refers (Special) to usenofp.o(x$fpl$usenofp) for __I$use$fp
    fmul.o(x$fpl$fmul) refers to fretinf.o(x$fpl$fretinf) for __fpl_fretinf
    fmul.o(x$fpl$fmul) refers to fnaninf.o(x$fpl$fnaninf) for __fpl_fnaninf
    pow.o(i.__softfp_pow) refers (Special) to usenofp.o(x$fpl$usenofp) for __I$use$fp
    pow.o(i.__softfp_pow) refers to pow.o(i.pow) for pow
    pow.o(i.pow) refers (Special) to usenofp.o(x$fpl$usenofp) for __I$use$fp
    pow.o(i.pow) refers to daddsub_noclz.o(x$fpl$dadd) for __aeabi_dadd
    pow.o(i.pow) refers to _rserrno.o(.text) for __set_errno
    pow.o(i.pow) refers to ddiv.o(x$fpl$ddiv) for __aeabi_ddiv
    pow.o(i.pow) refers to sqrt.o(i.sqrt) for sqrt
    pow.o(i.pow) refers to dmul.o(x$fpl$dmul) for __aeabi_dmul
    pow.o(i.pow) refers to scalbn.o(x$fpl$scalbn) for __ARM_scalbn
    pow.o(i.pow) refers to dunder.o(i.__mathlib_dbl_underflow) for __mathlib_dbl_underflow
    pow.o(i.pow) refers to daddsub_noclz.o(x$fpl$dsub) for __aeabi_dsub
    pow.o(i.pow) refers to daddsub_noclz.o(x$fpl$drsb) for __aeabi_drsub
    pow.o(i.pow) refers to poly.o(i.__kernel_poly) for __kernel_poly
    pow.o(i.pow) refers to dflt_noclz.o(x$fpl$dflt) for __aeabi_i2d
    pow.o(i.pow) refers to drleqf.o(x$fpl$drleqf) for __aeabi_cdrcmple
    pow.o(i.pow) refers to fpclassify.o(i.__ARM_fpclassify) for __ARM_fpclassify
    pow.o(i.pow) refers to qnan.o(.constdata) for __mathlib_zero
    pow.o(i.pow) refers to pow.o(.constdata) for .constdata
    pow.o(.constdata) refers (Special) to usenofp.o(x$fpl$usenofp) for __I$use$fp
    pow_x.o(i.____softfp_pow$lsc) refers (Special) to usenofp.o(x$fpl$usenofp) for __I$use$fp
    pow_x.o(i.____softfp_pow$lsc) refers to pow_x.o(i.__pow$lsc) for __pow$lsc
    pow_x.o(i.__pow$lsc) refers (Special) to usenofp.o(x$fpl$usenofp) for __I$use$fp
    pow_x.o(i.__pow$lsc) refers to daddsub_noclz.o(x$fpl$dadd) for __aeabi_dadd
    pow_x.o(i.__pow$lsc) refers to _rserrno.o(.text) for __set_errno
    pow_x.o(i.__pow$lsc) refers to ddiv.o(x$fpl$ddiv) for __aeabi_ddiv
    pow_x.o(i.__pow$lsc) refers to sqrt.o(i.sqrt) for sqrt
    pow_x.o(i.__pow$lsc) refers to dmul.o(x$fpl$dmul) for __aeabi_dmul
    pow_x.o(i.__pow$lsc) refers to dflt_noclz.o(x$fpl$dflt) for __aeabi_i2d
    pow_x.o(i.__pow$lsc) refers to daddsub_noclz.o(x$fpl$dsub) for __aeabi_dsub
    pow_x.o(i.__pow$lsc) refers to scalbn.o(x$fpl$scalbn) for __ARM_scalbn
    pow_x.o(i.__pow$lsc) refers to daddsub_noclz.o(x$fpl$drsb) for __aeabi_drsub
    pow_x.o(i.__pow$lsc) refers to poly.o(i.__kernel_poly) for __kernel_poly
    pow_x.o(i.__pow$lsc) refers to drleqf.o(x$fpl$drleqf) for __aeabi_cdrcmple
    pow_x.o(i.__pow$lsc) refers to qnan.o(.constdata) for __mathlib_zero
    pow_x.o(i.__pow$lsc) refers to pow_x.o(.constdata) for .constdata
    pow_x.o(.constdata) refers (Special) to usenofp.o(x$fpl$usenofp) for __I$use$fp
    rtentry.o(.ARM.Collect$$rtentry$$00000000) refers (Special) to rtentry2.o(.ARM.Collect$$rtentry$$0000000A) for __rt_entry_li
    rtentry.o(.ARM.Collect$$rtentry$$00000000) refers (Special) to rtentry2.o(.ARM.Collect$$rtentry$$0000000D) for __rt_entry_main
    rtentry.o(.ARM.Collect$$rtentry$$00000000) refers (Special) to rtentry2.o(.ARM.Collect$$rtentry$$0000000C) for __rt_entry_postli_1
    rtentry.o(.ARM.Collect$$rtentry$$00000000) refers (Special) to rtentry2.o(.ARM.Collect$$rtentry$$00000009) for __rt_entry_postsh_1
    rtentry.o(.ARM.Collect$$rtentry$$00000000) refers (Special) to rtentry2.o(.ARM.Collect$$rtentry$$00000002) for __rt_entry_presh_1
    rtentry.o(.ARM.Collect$$rtentry$$00000000) refers (Special) to rtentry4.o(.ARM.Collect$$rtentry$$00000004) for __rt_entry_sh
    aeabi_idiv0_sigfpe.o(.text) refers to rt_div0.o(.text) for __rt_div0
    _rserrno.o(.text) refers to rt_errno_addr_intlibspace.o(.text) for __aeabi_errno_addr
    daddsub_noclz.o(x$fpl$dadd) refers (Special) to usenofp.o(x$fpl$usenofp) for __I$use$fp
    daddsub_noclz.o(x$fpl$dadd) refers to daddsub_noclz.o(x$fpl$dsub) for _dsub1
    daddsub_noclz.o(x$fpl$dadd) refers to dretinf.o(x$fpl$dretinf) for __fpl_dretinf
    daddsub_noclz.o(x$fpl$dadd) refers to dnaninf.o(x$fpl$dnaninf) for __fpl_dnaninf
    daddsub_noclz.o(x$fpl$drsb) refers (Special) to usenofp.o(x$fpl$usenofp) for __I$use$fp
    daddsub_noclz.o(x$fpl$drsb) refers to daddsub_noclz.o(x$fpl$dadd) for _dadd1
    daddsub_noclz.o(x$fpl$drsb) refers to daddsub_noclz.o(x$fpl$dsub) for _dsub1
    daddsub_noclz.o(x$fpl$dsub) refers (Special) to usenofp.o(x$fpl$usenofp) for __I$use$fp
    daddsub_noclz.o(x$fpl$dsub) refers to daddsub_noclz.o(x$fpl$dadd) for _dadd1
    daddsub_noclz.o(x$fpl$dsub) refers to dnaninf.o(x$fpl$dnaninf) for __fpl_dnaninf
    dnaninf.o(x$fpl$dnaninf) refers (Special) to usenofp.o(x$fpl$usenofp) for __I$use$fp
    dretinf.o(x$fpl$dretinf) refers (Special) to usenofp.o(x$fpl$usenofp) for __I$use$fp
    drleqf.o(x$fpl$drleqf) refers (Special) to usenofp.o(x$fpl$usenofp) for __I$use$fp
    drleqf.o(x$fpl$drleqf) refers to dleqf.o(x$fpl$dleqf) for __fpl_dcmple_InfNaN
    fnaninf.o(x$fpl$fnaninf) refers (Special) to usenofp.o(x$fpl$usenofp) for __I$use$fp
    fretinf.o(x$fpl$fretinf) refers (Special) to usenofp.o(x$fpl$usenofp) for __I$use$fp
    scalbn.o(x$fpl$scalbn) refers (Special) to usenofp.o(x$fpl$usenofp) for __I$use$fp
    scalbn.o(x$fpl$scalbn) refers to dcheck1.o(x$fpl$dcheck1) for __fpl_dcheck_NaN1
    dunder.o(i.__mathlib_dbl_underflow) refers to scalbn.o(x$fpl$scalbn) for __ARM_scalbn
    fpclassify.o(i.__ARM_fpclassify) refers (Special) to usenofp.o(x$fpl$usenofp) for __I$use$fp
    poly.o(i.__kernel_poly) refers (Special) to usenofp.o(x$fpl$usenofp) for __I$use$fp
    poly.o(i.__kernel_poly) refers to dmul.o(x$fpl$dmul) for __aeabi_dmul
    poly.o(i.__kernel_poly) refers to daddsub_noclz.o(x$fpl$dadd) for __aeabi_dadd
    qnan.o(.constdata) refers (Special) to usenofp.o(x$fpl$usenofp) for __I$use$fp
    sqrt.o(i.__softfp_sqrt) refers (Special) to usenofp.o(x$fpl$usenofp) for __I$use$fp
    sqrt.o(i.__softfp_sqrt) refers to dsqrt_noumaal.o(x$fpl$dsqrt) for _dsqrt
    sqrt.o(i.__softfp_sqrt) refers to _rserrno.o(.text) for __set_errno
    sqrt.o(i.sqrt) refers (Special) to usenofp.o(x$fpl$usenofp) for __I$use$fp
    sqrt.o(i.sqrt) refers to dsqrt_noumaal.o(x$fpl$dsqrt) for _dsqrt
    sqrt.o(i.sqrt) refers to _rserrno.o(.text) for __set_errno
    sqrt_x.o(i.____softfp_sqrt$lsc) refers (Special) to usenofp.o(x$fpl$usenofp) for __I$use$fp
    sqrt_x.o(i.____softfp_sqrt$lsc) refers to dleqf.o(x$fpl$dleqf) for __aeabi_cdcmple
    sqrt_x.o(i.____softfp_sqrt$lsc) refers to _rserrno.o(.text) for __set_errno
    sqrt_x.o(i.____softfp_sqrt$lsc) refers to dsqrt_noumaal.o(x$fpl$dsqrt) for _dsqrt
    sqrt_x.o(i.__sqrt$lsc) refers (Special) to usenofp.o(x$fpl$usenofp) for __I$use$fp
    sqrt_x.o(i.__sqrt$lsc) refers to dleqf.o(x$fpl$dleqf) for __aeabi_cdcmple
    sqrt_x.o(i.__sqrt$lsc) refers to _rserrno.o(.text) for __set_errno
    sqrt_x.o(i.__sqrt$lsc) refers to dsqrt_noumaal.o(x$fpl$dsqrt) for _dsqrt
    rtentry2.o(.ARM.Collect$$rtentry$$00000008) refers to boardinit2.o(.text) for _platform_post_stackheap_init
    rtentry2.o(.ARM.Collect$$rtentry$$0000000A) refers to libinit.o(.ARM.Collect$$libinit$$00000000) for __rt_lib_init
    rtentry2.o(.ARM.Collect$$rtentry$$0000000B) refers to boardinit3.o(.text) for _platform_post_lib_init
    rtentry2.o(.ARM.Collect$$rtentry$$0000000D) refers to exit.o(.text) for exit
    rtentry2.o(.ARM.Collect$$rtentry$$0000000D) refers to pit_example.o(.text) for main
    rtentry2.o(.ARM.exidx) refers to rtentry2.o(.ARM.Collect$$rtentry$$00000001) for .ARM.Collect$$rtentry$$00000001
    rtentry2.o(.ARM.exidx) refers to rtentry2.o(.ARM.Collect$$rtentry$$00000008) for .ARM.Collect$$rtentry$$00000008
    rtentry2.o(.ARM.exidx) refers to rtentry2.o(.ARM.Collect$$rtentry$$0000000A) for .ARM.Collect$$rtentry$$0000000A
    rtentry2.o(.ARM.exidx) refers to rtentry2.o(.ARM.Collect$$rtentry$$0000000B) for .ARM.Collect$$rtentry$$0000000B
    rtentry2.o(.ARM.exidx) refers to rtentry2.o(.ARM.Collect$$rtentry$$0000000D) for .ARM.Collect$$rtentry$$0000000D
    rtentry4.o(.ARM.Collect$$rtentry$$00000004) refers to sys_stackheap_outer.o(.text) for __user_setup_stackheap
    rtentry4.o(.ARM.exidx) refers to rtentry4.o(.ARM.Collect$$rtentry$$00000004) for .ARM.Collect$$rtentry$$00000004
    rt_div0.o(.text) refers to defsig_fpe_outer.o(.text) for __rt_SIGFPE
    rt_errno_addr.o(.text) refers to rt_errno_addr.o(.bss) for __aeabi_errno_addr_data
    rt_errno_addr_intlibspace.o(.text) refers to libspace.o(.bss) for __libspace_start
    dcheck1.o(x$fpl$dcheck1) refers (Special) to usenofp.o(x$fpl$usenofp) for __I$use$fp
    dcheck1.o(x$fpl$dcheck1) refers to retnan.o(x$fpl$retnan) for __fpl_return_NaN
    dleqf.o(x$fpl$dleqf) refers (Special) to usenofp.o(x$fpl$usenofp) for __I$use$fp
    dleqf.o(x$fpl$dleqf) refers to dnaninf.o(x$fpl$dnaninf) for __fpl_dnaninf
    dleqf.o(x$fpl$dleqf) refers to dcmpi.o(x$fpl$dcmpinf) for __fpl_dcmp_Inf
    dsqrt_noumaal.o(x$fpl$dsqrt) refers (Special) to usenofp.o(x$fpl$usenofp) for __I$use$fp
    dsqrt_noumaal.o(x$fpl$dsqrt) refers to dnaninf.o(x$fpl$dnaninf) for __fpl_dnaninf
    libspace.o(.text) refers to libspace.o(.bss) for __libspace_start
    sys_stackheap_outer.o(.text) refers to libspace.o(.text) for __user_perproc_libspace
    sys_stackheap_outer.o(.text) refers to sam7.o(.text) for __user_initial_stackheap
    exit.o(.text) refers to rtexit.o(.ARM.Collect$$rtexit$$00000000) for __rt_exit
    defsig_fpe_outer.o(.text) refers to defsig_fpe_inner.o(.text) for __rt_SIGFPE_inner
    defsig_fpe_outer.o(.text) refers to defsig_exit.o(.text) for __sig_exit
    defsig_fpe_formal.o(.text) refers to rt_raise.o(.text) for __rt_raise
    libinit.o(.ARM.Collect$$libinit$$00000000) refers (Special) to libinit2.o(.ARM.Collect$$libinit$$0000002C) for __rt_lib_init_alloca_1
    libinit.o(.ARM.Collect$$libinit$$00000000) refers (Special) to libinit2.o(.ARM.Collect$$libinit$$0000002A) for __rt_lib_init_argv_1
    libinit.o(.ARM.Collect$$libinit$$00000000) refers (Special) to libinit2.o(.ARM.Collect$$libinit$$00000019) for __rt_lib_init_atexit_1
    libinit.o(.ARM.Collect$$libinit$$00000000) refers (Special) to libinit2.o(.ARM.Collect$$libinit$$0000001F) for __rt_lib_init_clock_1
    libinit.o(.ARM.Collect$$libinit$$00000000) refers (Special) to libinit2.o(.ARM.Collect$$libinit$$00000030) for __rt_lib_init_cpp_1
    libinit.o(.ARM.Collect$$libinit$$00000000) refers (Special) to libinit2.o(.ARM.Collect$$libinit$$0000002E) for __rt_lib_init_exceptions_1
    libinit.o(.ARM.Collect$$libinit$$00000000) refers (Special) to libinit2.o(.ARM.Collect$$libinit$$00000002) for __rt_lib_init_fp_1
    libinit.o(.ARM.Collect$$libinit$$00000000) refers (Special) to libinit2.o(.ARM.Collect$$libinit$$0000001D) for __rt_lib_init_fp_trap_1
    libinit.o(.ARM.Collect$$libinit$$00000000) refers (Special) to libinit2.o(.ARM.Collect$$libinit$$00000021) for __rt_lib_init_getenv_1
    libinit.o(.ARM.Collect$$libinit$$00000000) refers (Special) to libinit2.o(.ARM.Collect$$libinit$$00000008) for __rt_lib_init_heap_1
    libinit.o(.ARM.Collect$$libinit$$00000000) refers (Special) to libinit2.o(.ARM.Collect$$libinit$$0000000F) for __rt_lib_init_lc_collate_1
    libinit.o(.ARM.Collect$$libinit$$00000000) refers (Special) to libinit2.o(.ARM.Collect$$libinit$$00000011) for __rt_lib_init_lc_ctype_1
    libinit.o(.ARM.Collect$$libinit$$00000000) refers (Special) to libinit2.o(.ARM.Collect$$libinit$$00000013) for __rt_lib_init_lc_monetary_1
    libinit.o(.ARM.Collect$$libinit$$00000000) refers (Special) to libinit2.o(.ARM.Collect$$libinit$$00000015) for __rt_lib_init_lc_numeric_1
    libinit.o(.ARM.Collect$$libinit$$00000000) refers (Special) to libinit2.o(.ARM.Collect$$libinit$$00000017) for __rt_lib_init_lc_time_1
    libinit.o(.ARM.Collect$$libinit$$00000000) refers (Special) to libinit2.o(.ARM.Collect$$libinit$$0000000C) for __rt_lib_init_rand_1
    libinit.o(.ARM.Collect$$libinit$$00000000) refers (Special) to libinit2.o(.ARM.Collect$$libinit$$00000031) for __rt_lib_init_return
    libinit.o(.ARM.Collect$$libinit$$00000000) refers (Special) to libinit2.o(.ARM.Collect$$libinit$$0000001B) for __rt_lib_init_signal_1
    libinit.o(.ARM.Collect$$libinit$$00000000) refers (Special) to libinit2.o(.ARM.Collect$$libinit$$00000023) for __rt_lib_init_stdio_1
    libinit.o(.ARM.Collect$$libinit$$00000000) refers (Special) to libinit2.o(.ARM.Collect$$libinit$$0000000A) for __rt_lib_init_user_alloc_1
    dcmpi.o(x$fpl$dcmpinf) refers (Special) to usenofp.o(x$fpl$usenofp) for __I$use$fp
    retnan.o(x$fpl$retnan) refers (Special) to usenofp.o(x$fpl$usenofp) for __I$use$fp
    retnan.o(x$fpl$retnan) refers to trapv.o(x$fpl$trapveneer) for __fpl_cmpreturn
    rtexit.o(.ARM.Collect$$rtexit$$00000000) refers (Special) to rtexit2.o(.ARM.Collect$$rtexit$$00000004) for __rt_exit_exit
    rtexit.o(.ARM.Collect$$rtexit$$00000000) refers (Special) to rtexit2.o(.ARM.Collect$$rtexit$$00000003) for __rt_exit_ls
    rtexit.o(.ARM.Collect$$rtexit$$00000000) refers (Special) to rtexit2.o(.ARM.Collect$$rtexit$$00000002) for __rt_exit_prels_1
    rtexit.o(.ARM.exidx) refers (Special) to rtexit2.o(.ARM.Collect$$rtexit$$00000004) for __rt_exit_exit
    rtexit.o(.ARM.exidx) refers (Special) to rtexit2.o(.ARM.Collect$$rtexit$$00000003) for __rt_exit_ls
    rtexit.o(.ARM.exidx) refers (Special) to rtexit2.o(.ARM.Collect$$rtexit$$00000002) for __rt_exit_prels_1
    rtexit.o(.ARM.exidx) refers to rtexit.o(.ARM.Collect$$rtexit$$00000000) for .ARM.Collect$$rtexit$$00000000
    rt_raise.o(.text) refers to __raise.o(.text) for __raise
    rt_raise.o(.text) refers to retarget_solution.o(.text) for _sys_exit
    defsig_exit.o(.text) refers to retarget_solution.o(.text) for _sys_exit
    defsig_fpe_inner.o(.text) refers to defsig_general.o(.text) for __default_signal_display
    libinit2.o(.ARM.Collect$$libinit$$00000001) refers to fpinit.o(x$fpl$fpinit) for _fp_init
    libinit2.o(.ARM.Collect$$libinit$$0000000E) refers to libinit2.o(.ARM.Collect$$libinit$$0000000D) for .ARM.Collect$$libinit$$0000000D
    libinit2.o(.ARM.Collect$$libinit$$00000010) refers to libinit2.o(.ARM.Collect$$libinit$$0000000D) for .ARM.Collect$$libinit$$0000000D
    libinit2.o(.ARM.Collect$$libinit$$00000012) refers to libinit2.o(.ARM.Collect$$libinit$$0000000D) for .ARM.Collect$$libinit$$0000000D
    libinit2.o(.ARM.Collect$$libinit$$00000014) refers to libinit2.o(.ARM.Collect$$libinit$$0000000D) for .ARM.Collect$$libinit$$0000000D
    libinit2.o(.ARM.Collect$$libinit$$00000016) refers to libinit2.o(.ARM.Collect$$libinit$$0000000D) for .ARM.Collect$$libinit$$0000000D
    libinit2.o(.ARM.Collect$$libinit$$00000024) refers to argv_veneer.o(.emb_text) for __ARM_argv_veneer
    libinit2.o(.ARM.Collect$$libinit$$00000025) refers to argv_veneer.o(.emb_text) for __ARM_argv_veneer
    trapv.o(x$fpl$trapveneer) refers (Special) to usenofp.o(x$fpl$usenofp) for __I$use$fp
    rtexit2.o(.ARM.Collect$$rtexit$$00000003) refers to libshutdown.o(.ARM.Collect$$libshutdown$$00000000) for __rt_lib_shutdown
    rtexit2.o(.ARM.Collect$$rtexit$$00000004) refers to retarget_solution.o(.text) for _sys_exit
    rtexit2.o(.ARM.exidx) refers to rtexit2.o(.ARM.Collect$$rtexit$$00000001) for .ARM.Collect$$rtexit$$00000001
    rtexit2.o(.ARM.exidx) refers to rtexit2.o(.ARM.Collect$$rtexit$$00000003) for .ARM.Collect$$rtexit$$00000003
    rtexit2.o(.ARM.exidx) refers to rtexit2.o(.ARM.Collect$$rtexit$$00000004) for .ARM.Collect$$rtexit$$00000004
    __raise.o(.text) refers to __raise.o(i.__ARM_common_call_via_r2) for __ARM_common_call_via_r2
    __raise.o(.text) refers to defsig.o(CL$$defsig) for __default_signal_handler
    defsig_general.o(.text) refers to retarget_solution.o(.text) for _ttywrch
    argv_veneer.o(.emb_text) refers to no_argv.o(.text) for __ARM_get_argv
    defsig.o(CL$$defsig) refers to defsig_fpe_inner.o(.text) for __rt_SIGFPE_inner
    defsig.o(CL$$defsig) refers to defsig_rtmem_inner.o(.text) for __rt_SIGRTMEM_inner
    _get_argv_nomalloc.o(.text) refers (Special) to hrguard.o(.text) for __heap_region$guard
    _get_argv_nomalloc.o(.text) refers to defsig_rtmem_outer.o(.text) for __rt_SIGRTMEM
    _get_argv_nomalloc.o(.text) refers to sys_command.o(.text) for _sys_command_string
    libshutdown.o(.ARM.Collect$$libshutdown$$00000000) refers (Special) to libshutdown2.o(.ARM.Collect$$libshutdown$$00000006) for __rt_lib_shutdown_fp_trap_1
    libshutdown.o(.ARM.Collect$$libshutdown$$00000000) refers (Special) to libshutdown2.o(.ARM.Collect$$libshutdown$$0000000E) for __rt_lib_shutdown_heap_1
    libshutdown.o(.ARM.Collect$$libshutdown$$00000000) refers (Special) to libshutdown2.o(.ARM.Collect$$libshutdown$$0000000F) for __rt_lib_shutdown_return
    libshutdown.o(.ARM.Collect$$libshutdown$$00000000) refers (Special) to libshutdown2.o(.ARM.Collect$$libshutdown$$00000009) for __rt_lib_shutdown_signal_1
    libshutdown.o(.ARM.Collect$$libshutdown$$00000000) refers (Special) to libshutdown2.o(.ARM.Collect$$libshutdown$$00000003) for __rt_lib_shutdown_stdio_1
    libshutdown.o(.ARM.Collect$$libshutdown$$00000000) refers (Special) to libshutdown2.o(.ARM.Collect$$libshutdown$$0000000B) for __rt_lib_shutdown_user_alloc_1
    sys_command.o(.text) refers (Special) to use_no_semi.o(.text) for __I$use$semihosting
    sys_command.o(.text) refers (Special) to indicate_semi.o(.text) for __semihosting_library_function
    defsig_abrt_inner.o(.text) refers to defsig_general.o(.text) for __default_signal_display
    defsig_rtred_inner.o(.text) refers to defsig_general.o(.text) for __default_signal_display
    defsig_rtmem_inner.o(.text) refers to defsig_general.o(.text) for __default_signal_display
    defsig_rtmem_outer.o(.text) refers to defsig_rtmem_inner.o(.text) for __rt_SIGRTMEM_inner
    defsig_rtmem_outer.o(.text) refers to defsig_exit.o(.text) for __sig_exit
    defsig_rtmem_formal.o(.text) refers to rt_raise.o(.text) for __rt_raise
    defsig_stak_inner.o(.text) refers to defsig_general.o(.text) for __default_signal_display
    defsig_pvfn_inner.o(.text) refers to defsig_general.o(.text) for __default_signal_display
    defsig_cppl_inner.o(.text) refers to defsig_general.o(.text) for __default_signal_display
    defsig_segv_inner.o(.text) refers to defsig_general.o(.text) for __default_signal_display
    defsig_other.o(.text) refers to defsig_general.o(.text) for __default_signal_display


==============================================================================

Removing Unused input sections from the image.

    Removing retarget_solution.o(.data), (4 bytes).
    Removing tc_assembly.o(VARIABLES), (8 bytes).

2 unused section(s) (total 12 bytes) removed from the image.

==============================================================================

Adding Veneers to the image

    Adding AT veneer (8 bytes, Inline) for call to '__rt_lib_init' from rtentry2.o(.ARM.Collect$$rtentry$$0000000A).
    Adding AT veneer (8 bytes, Inline) for call to '__rt_lib_shutdown' from rtexit2.o(.ARM.Collect$$rtexit$$00000003).
    Adding TA veneer (4 bytes, Inline) for call to '__rt_exit' from exit.o(.text).
    Adding AT veneer (8 bytes, Inline) for call to '__set_errno' from pow.o(i.pow).
    Adding TA veneer (4 bytes, Inline) for call to '__aeabi_errno_addr' from _rserrno.o(.text).

5 Veneer(s) (total 32 bytes) added to the image.

==============================================================================

Image Symbol Table

    Local Symbols

    Symbol Name                              Value     Ov Type        Size  Object(Section)

    ../clib/angel/boardlib.s                 0x00000000   Number         0  boardinit3.o ABSOLUTE
    ../clib/angel/boardlib.s                 0x00000000   Number         0  boardinit2.o ABSOLUTE
    ../clib/angel/boardlib.s                 0x00000000   Number         0  boardshut.o ABSOLUTE
    ../clib/angel/boardlib.s                 0x00000000   Number         0  boardinit1.o ABSOLUTE
    ../clib/angel/handlers.s                 0x00000000   Number         0  __scatter_zi.o ABSOLUTE
    ../clib/angel/handlers.s                 0x00000000   Number         0  __scatter_copy.o ABSOLUTE
    ../clib/angel/kernel.s                   0x00000000   Number         0  rtentry2.o ABSOLUTE
    ../clib/angel/kernel.s                   0x00000000   Number         0  rtentry4.o ABSOLUTE
    ../clib/angel/kernel.s                   0x00000000   Number         0  rtexit.o ABSOLUTE
    ../clib/angel/kernel.s                   0x00000000   Number         0  rtentry.o ABSOLUTE
    ../clib/angel/kernel.s                   0x00000000   Number         0  rtexit2.o ABSOLUTE
    ../clib/angel/rt.s                       0x00000000   Number         0  aeabi_idiv0_sigfpe.o ABSOLUTE
    ../clib/angel/rt.s                       0x00000000   Number         0  aeabi_idiv0.o ABSOLUTE
    ../clib/angel/rt.s                       0x00000000   Number         0  rt_raise.o ABSOLUTE
    ../clib/angel/rt.s                       0x00000000   Number         0  rt_errno_addr_intlibspace.o ABSOLUTE
    ../clib/angel/rt.s                       0x00000000   Number         0  rt_errno_addr.o ABSOLUTE
    ../clib/angel/rt.s                       0x00000000   Number         0  rt_div0.o ABSOLUTE
    ../clib/angel/scatter.s                  0x00000000   Number         0  __scatter.o ABSOLUTE
    ../clib/angel/startup.s                  0x00000000   Number         0  __main.o ABSOLUTE
    ../clib/angel/sys.s                      0x00000000   Number         0  sys_stackheap_outer.o ABSOLUTE
    ../clib/angel/sys.s                      0x00000000   Number         0  use_no_semi.o ABSOLUTE
    ../clib/angel/sys.s                      0x00000000   Number         0  indicate_semi.o ABSOLUTE
    ../clib/angel/sys.s                      0x00000000   Number         0  libspace.o ABSOLUTE
    ../clib/angel/sysapp.c                   0x00000000   Number         0  sys_command.o ABSOLUTE
    ../clib/armsys.c                         0x00000000   Number         0  argv_veneer.o ABSOLUTE
    ../clib/armsys.c                         0x00000000   Number         0  argv_veneer.o ABSOLUTE
    ../clib/armsys.c                         0x00000000   Number         0  _get_argv_nomalloc.o ABSOLUTE
    ../clib/armsys.c                         0x00000000   Number         0  no_argv.o ABSOLUTE
    ../clib/division.s                       0x00000000   Number         0  aeabi_sdiv_div0.o ABSOLUTE
    ../clib/division.s                       0x00000000   Number         0  aeabi_sdiv.o ABSOLUTE
    ../clib/divrt.s                          0x00000000   Number         0  divrt_7tdmi.o ABSOLUTE
    ../clib/divrt.s                          0x00000000   Number         0  divrt_7tdmi_div0.o ABSOLUTE
    ../clib/fenv.c                           0x00000000   Number         0  _rserrno.o ABSOLUTE
    ../clib/heapalloc.c                      0x00000000   Number         0  hrguard.o ABSOLUTE
    ../clib/heapaux.c                        0x00000000   Number         0  heapauxi.o ABSOLUTE
    ../clib/libinit.s                        0x00000000   Number         0  libinit.o ABSOLUTE
    ../clib/libinit.s                        0x00000000   Number         0  libinit2.o ABSOLUTE
    ../clib/libinit.s                        0x00000000   Number         0  libshutdown2.o ABSOLUTE
    ../clib/libinit.s                        0x00000000   Number         0  libshutdown.o ABSOLUTE
    ../clib/signal.c                         0x00000000   Number         0  defsig_other.o ABSOLUTE
    ../clib/signal.c                         0x00000000   Number         0  defsig_fpe_formal.o ABSOLUTE
    ../clib/signal.c                         0x00000000   Number         0  defsig_exit.o ABSOLUTE
    ../clib/signal.c                         0x00000000   Number         0  defsig_fpe_inner.o ABSOLUTE
    ../clib/signal.c                         0x00000000   Number         0  __raise.o ABSOLUTE
    ../clib/signal.c                         0x00000000   Number         0  defsig_general.o ABSOLUTE
    ../clib/signal.c                         0x00000000   Number         0  defsig_cppl_inner.o ABSOLUTE
    ../clib/signal.c                         0x00000000   Number         0  defsig_pvfn_inner.o ABSOLUTE
    ../clib/signal.c                         0x00000000   Number         0  defsig_segv_inner.o ABSOLUTE
    ../clib/signal.c                         0x00000000   Number         0  defsig_stak_inner.o ABSOLUTE
    ../clib/signal.c                         0x00000000   Number         0  defsig_fpe_outer.o ABSOLUTE
    ../clib/signal.c                         0x00000000   Number         0  defsig_rtmem_formal.o ABSOLUTE
    ../clib/signal.c                         0x00000000   Number         0  defsig_rtmem_outer.o ABSOLUTE
    ../clib/signal.c                         0x00000000   Number         0  defsig_rtmem_inner.o ABSOLUTE
    ../clib/signal.c                         0x00000000   Number         0  defsig_rtred_inner.o ABSOLUTE
    ../clib/signal.c                         0x00000000   Number         0  defsig_abrt_inner.o ABSOLUTE
    ../clib/signal.s                         0x00000000   Number         0  defsig.o ABSOLUTE
    ../clib/stdlib.c                         0x00000000   Number         0  exit.o ABSOLUTE
    ../fplib/d2f.s                           0x00000000   Number         0  d2f.o ABSOLUTE
    ../fplib/daddsub.s                       0x00000000   Number         0  daddsub_noclz.o ABSOLUTE
    ../fplib/dcheck1.s                       0x00000000   Number         0  dcheck1.o ABSOLUTE
    ../fplib/dcmpi.s                         0x00000000   Number         0  dcmpi.o ABSOLUTE
    ../fplib/ddiv.s                          0x00000000   Number         0  ddiv.o ABSOLUTE
    ../fplib/dfix.s                          0x00000000   Number         0  dfix.o ABSOLUTE
    ../fplib/dflt.s                          0x00000000   Number         0  dflt_noclz.o ABSOLUTE
    ../fplib/dleqf.s                         0x00000000   Number         0  dleqf.o ABSOLUTE
    ../fplib/dmul.s                          0x00000000   Number         0  dmul.o ABSOLUTE
    ../fplib/dnaninf.s                       0x00000000   Number         0  dnaninf.o ABSOLUTE
    ../fplib/dretinf.s                       0x00000000   Number         0  dretinf.o ABSOLUTE
    ../fplib/drleqf.s                        0x00000000   Number         0  drleqf.o ABSOLUTE
    ../fplib/dsqrt.s                         0x00000000   Number         0  dsqrt_noumaal.o ABSOLUTE
    ../fplib/faddsub.s                       0x00000000   Number         0  faddsub_noclz.o ABSOLUTE
    ../fplib/ffixu.s                         0x00000000   Number         0  ffixu.o ABSOLUTE
    ../fplib/fflt.s                          0x00000000   Number         0  fflt_noclz.o ABSOLUTE
    ../fplib/fmul.s                          0x00000000   Number         0  fmul.o ABSOLUTE
    ../fplib/fnaninf.s                       0x00000000   Number         0  fnaninf.o ABSOLUTE
    ../fplib/fpinit.s                        0x00000000   Number         0  fpinit.o ABSOLUTE
    ../fplib/fretinf.s                       0x00000000   Number         0  fretinf.o ABSOLUTE
    ../fplib/retnan.s                        0x00000000   Number         0  retnan.o ABSOLUTE
    ../fplib/scalbn.s                        0x00000000   Number         0  scalbn.o ABSOLUTE
    ../fplib/trapv.s                         0x00000000   Number         0  trapv.o ABSOLUTE
    ../fplib/usenofp.s                       0x00000000   Number         0  usenofp.o ABSOLUTE
    ../mathlib/dunder.c                      0x00000000   Number         0  dunder.o ABSOLUTE
    ../mathlib/fpclassify.c                  0x00000000   Number         0  fpclassify.o ABSOLUTE
    ../mathlib/poly.c                        0x00000000   Number         0  poly.o ABSOLUTE
    ../mathlib/pow.c                         0x00000000   Number         0  pow_x.o ABSOLUTE
    ../mathlib/pow.c                         0x00000000   Number         0  pow.o ABSOLUTE
    ../mathlib/qnan.c                        0x00000000   Number         0  qnan.o ABSOLUTE
    ../mathlib/sqrt.c                        0x00000000   Number         0  sqrt_x.o ABSOLUTE
    ../mathlib/sqrt.c                        0x00000000   Number         0  sqrt.o ABSOLUTE
    Assembly_Exp1_solution.s                 0x00000000   Number         0  assembly_exp1_solution.o ABSOLUTE
    Integer_Convert.c                        0x00000000   Number         0  integer_convert.o ABSOLUTE
    PIT_example.c                            0x00000000   Number         0  pit_example.o ABSOLUTE
    SAM7.s                                   0x00000000   Number         0  sam7.o ABSOLUTE
    TC_Assembly.s                            0x00000000   Number         0  tc_assembly.o ABSOLUTE
    USART0_solution.s                        0x00000000   Number         0  usart0_solution.o ABSOLUTE
    dc.s                                     0x00000000   Number         0  dc.o ABSOLUTE
    retarget_solution.c                      0x00000000   Number         0  retarget_solution.o ABSOLUTE
    RESET                                    0x00100000   Section      336  sam7.o(RESET)
    Undef_Handler                            0x00100040   ARM Code       4  sam7.o(RESET)
    SWI_Handler                              0x00100044   ARM Code       4  sam7.o(RESET)
    PAbt_Handler                             0x00100048   ARM Code       4  sam7.o(RESET)
    DAbt_Handler                             0x0010004c   ARM Code       4  sam7.o(RESET)
    IRQ_Handler                              0x00100050   ARM Code       4  sam7.o(RESET)
    FIQ_Handler                              0x00100054   ARM Code       4  sam7.o(RESET)
    !!!main                                  0x00100150   Section        8  __main.o(!!!main)
    !!!scatter                               0x00100158   Section       60  __scatter.o(!!!scatter)
    !!handler_copy                           0x00100194   Section       40  __scatter_copy.o(!!handler_copy)
    !!handler_zi                             0x001001bc   Section       44  __scatter_zi.o(!!handler_zi)
    .ARM.Collect$$libinit$$00000000          0x001001f0   Section        2  libinit.o(.ARM.Collect$$libinit$$00000000)
    .ARM.Collect$$libinit$$00000002          0x001001f2   Section        0  libinit2.o(.ARM.Collect$$libinit$$00000002)
    .ARM.Collect$$libinit$$00000008          0x001001f2   Section        0  libinit2.o(.ARM.Collect$$libinit$$00000008)
    .ARM.Collect$$libinit$$0000000A          0x001001f2   Section        0  libinit2.o(.ARM.Collect$$libinit$$0000000A)
    .ARM.Collect$$libinit$$0000000C          0x001001f2   Section        0  libinit2.o(.ARM.Collect$$libinit$$0000000C)
    .ARM.Collect$$libinit$$0000000F          0x001001f2   Section        0  libinit2.o(.ARM.Collect$$libinit$$0000000F)
    .ARM.Collect$$libinit$$00000011          0x001001f2   Section        0  libinit2.o(.ARM.Collect$$libinit$$00000011)
    .ARM.Collect$$libinit$$00000013          0x001001f2   Section        0  libinit2.o(.ARM.Collect$$libinit$$00000013)
    .ARM.Collect$$libinit$$00000015          0x001001f2   Section        0  libinit2.o(.ARM.Collect$$libinit$$00000015)
    .ARM.Collect$$libinit$$00000017          0x001001f2   Section        0  libinit2.o(.ARM.Collect$$libinit$$00000017)
    .ARM.Collect$$libinit$$00000019          0x001001f2   Section        0  libinit2.o(.ARM.Collect$$libinit$$00000019)
    .ARM.Collect$$libinit$$0000001B          0x001001f2   Section        0  libinit2.o(.ARM.Collect$$libinit$$0000001B)
    .ARM.Collect$$libinit$$0000001D          0x001001f2   Section        0  libinit2.o(.ARM.Collect$$libinit$$0000001D)
    .ARM.Collect$$libinit$$0000001F          0x001001f2   Section        0  libinit2.o(.ARM.Collect$$libinit$$0000001F)
    .ARM.Collect$$libinit$$00000021          0x001001f2   Section        0  libinit2.o(.ARM.Collect$$libinit$$00000021)
    .ARM.Collect$$libinit$$00000023          0x001001f2   Section        0  libinit2.o(.ARM.Collect$$libinit$$00000023)
    .ARM.Collect$$libinit$$0000002A          0x001001f2   Section        0  libinit2.o(.ARM.Collect$$libinit$$0000002A)
    .ARM.Collect$$libinit$$0000002C          0x001001f2   Section        0  libinit2.o(.ARM.Collect$$libinit$$0000002C)
    .ARM.Collect$$libinit$$0000002E          0x001001f2   Section        0  libinit2.o(.ARM.Collect$$libinit$$0000002E)
    .ARM.Collect$$libinit$$00000030          0x001001f2   Section        0  libinit2.o(.ARM.Collect$$libinit$$00000030)
    .ARM.Collect$$libinit$$00000031          0x001001f2   Section       12  libinit2.o(.ARM.Collect$$libinit$$00000031)
    .ARM.Collect$$libshutdown$$00000000      0x00100208   Section        4  libshutdown.o(.ARM.Collect$$libshutdown$$00000000)
    .ARM.Collect$$libshutdown$$00000003      0x0010020c   Section        0  libshutdown2.o(.ARM.Collect$$libshutdown$$00000003)
    .ARM.Collect$$libshutdown$$00000006      0x0010020c   Section        0  libshutdown2.o(.ARM.Collect$$libshutdown$$00000006)
    .ARM.Collect$$libshutdown$$00000009      0x0010020c   Section        0  libshutdown2.o(.ARM.Collect$$libshutdown$$00000009)
    .ARM.Collect$$libshutdown$$0000000B      0x0010020c   Section        0  libshutdown2.o(.ARM.Collect$$libshutdown$$0000000B)
    .ARM.Collect$$libshutdown$$0000000E      0x0010020c   Section        0  libshutdown2.o(.ARM.Collect$$libshutdown$$0000000E)
    .ARM.Collect$$libshutdown$$0000000F      0x0010020c   Section        6  libshutdown2.o(.ARM.Collect$$libshutdown$$0000000F)
    .ARM.Collect$$rtentry$$00000000          0x00100214   Section        0  rtentry.o(.ARM.Collect$$rtentry$$00000000)
    .ARM.Collect$$rtentry$$00000002          0x00100214   Section        0  rtentry2.o(.ARM.Collect$$rtentry$$00000002)
    .ARM.Collect$$rtentry$$00000004          0x00100214   Section        8  rtentry4.o(.ARM.Collect$$rtentry$$00000004)
    .ARM.Collect$$rtentry$$00000009          0x0010021c   Section        0  rtentry2.o(.ARM.Collect$$rtentry$$00000009)
    .ARM.Collect$$rtentry$$0000000A          0x0010021c   Section        4  rtentry2.o(.ARM.Collect$$rtentry$$0000000A)
    .ARM.Collect$$rtentry$$0000000C          0x00100220   Section        0  rtentry2.o(.ARM.Collect$$rtentry$$0000000C)
    .ARM.Collect$$rtentry$$0000000D          0x00100220   Section       40  rtentry2.o(.ARM.Collect$$rtentry$$0000000D)
    .ARM.Collect$$rtexit$$00000000           0x0010024c   Section        4  rtexit.o(.ARM.Collect$$rtexit$$00000000)
    .ARM.Collect$$rtexit$$00000002           0x00100250   Section        0  rtexit2.o(.ARM.Collect$$rtexit$$00000002)
    .ARM.Collect$$rtexit$$00000003           0x00100250   Section        4  rtexit2.o(.ARM.Collect$$rtexit$$00000003)
    .ARM.Collect$$rtexit$$00000004           0x00100254   Section        8  rtexit2.o(.ARM.Collect$$rtexit$$00000004)
    .text                                    0x0010025c   Section       32  sam7.o(.text)
    .text                                    0x0010027c   Section        0  retarget_solution.o(.text)
    .text                                    0x001002c4   Section        0  integer_convert.o(.text)
    .text                                    0x001005f0   Section        0  pit_example.o(.text)
    .text                                    0x00100b44   Section        4  use_no_semi.o(.text)
    .text                                    0x00100b48   Section      384  aeabi_sdiv.o(.text)
    __arm_div8                               0x00100b74   ARM Code       0  aeabi_sdiv.o(.text)
    __arm_div5                               0x00100b98   ARM Code       0  aeabi_sdiv.o(.text)
    __arm_div2                               0x00100bbc   ARM Code       0  aeabi_sdiv.o(.text)
    __arm_div_large                          0x00100bf8   ARM Code       0  aeabi_sdiv.o(.text)
    .text                                    0x00100cc8   Section        0  heapauxi.o(.text)
    .text                                    0x00100cd8   Section        0  _rserrno.o(.text)
    .text                                    0x00100cf8   Section       12  rt_errno_addr_intlibspace.o(.text)
    .text                                    0x00100d04   Section       12  libspace.o(.text)
    .text                                    0x00100d10   Section       96  sys_stackheap_outer.o(.text)
    .text                                    0x00100d70   Section        0  exit.o(.text)
    .text_udiv                               0x00100d7c   Section       36  aeabi_sdiv.o(.text_udiv)
    COMPORT                                  0x00100da0   Section      244  usart0_solution.o(COMPORT)
    EXAMPLE                                  0x00100e94   Section     1180  assembly_exp1_solution.o(EXAMPLE)
    EXAMPLE                                  0x00101330   Section      316  tc_assembly.o(EXAMPLE)
    i.__ARM_fpclassify                       0x0010146c   Section        0  fpclassify.o(i.__ARM_fpclassify)
    i.__kernel_poly                          0x0010149c   Section        0  poly.o(i.__kernel_poly)
    i.__mathlib_dbl_underflow                0x0010159c   Section        0  dunder.o(i.__mathlib_dbl_underflow)
    i.pow                                    0x001015b0   Section        0  pow.o(i.pow)
    i.sqrt                                   0x001024b8   Section        0  sqrt.o(i.sqrt)
    x$fpl$d2f                                0x00102528   Section      108  d2f.o(x$fpl$d2f)
    x$fpl$dadd                               0x00102594   Section      340  daddsub_noclz.o(x$fpl$dadd)
    _dadd1                                   0x001025a4   ARM Code       0  daddsub_noclz.o(x$fpl$dadd)
    x$fpl$dcheck1                            0x001026e8   Section       16  dcheck1.o(x$fpl$dcheck1)
    x$fpl$dcmpinf                            0x001026f8   Section       28  dcmpi.o(x$fpl$dcmpinf)
    x$fpl$ddiv                               0x00102714   Section      736  ddiv.o(x$fpl$ddiv)
    ddiv_entry                               0x0010271c   ARM Code       0  ddiv.o(x$fpl$ddiv)
    x$fpl$dfix                               0x001029f4   Section      112  dfix.o(x$fpl$dfix)
    x$fpl$dflt                               0x00102a64   Section       88  dflt_noclz.o(x$fpl$dflt)
    x$fpl$dfltu                              0x00102abc   Section       12  dflt_noclz.o(x$fpl$dfltu)
    x$fpl$dleqf                              0x00102ac8   Section      148  dleqf.o(x$fpl$dleqf)
    x$fpl$dmul                               0x00102b5c   Section      384  dmul.o(x$fpl$dmul)
    x$fpl$dnaninf                            0x00102cdc   Section      192  dnaninf.o(x$fpl$dnaninf)
    x$fpl$dretinf                            0x00102d9c   Section       16  dretinf.o(x$fpl$dretinf)
    x$fpl$drleqf                             0x00102dac   Section      140  drleqf.o(x$fpl$drleqf)
    x$fpl$drsb                               0x00102e38   Section       24  daddsub_noclz.o(x$fpl$drsb)
    x$fpl$dsqrt                              0x00102e50   Section      520  dsqrt_noumaal.o(x$fpl$dsqrt)
    x$fpl$dsub                               0x00103058   Section      580  daddsub_noclz.o(x$fpl$dsub)
    _dsub1                                   0x00103068   ARM Code       0  daddsub_noclz.o(x$fpl$dsub)
    x$fpl$fadd                               0x0010329c   Section      196  faddsub_noclz.o(x$fpl$fadd)
    _fadd1                                   0x001032a8   ARM Code       0  faddsub_noclz.o(x$fpl$fadd)
    x$fpl$ffixu                              0x00103360   Section       84  ffixu.o(x$fpl$ffixu)
    x$fpl$fflt                               0x001033b4   Section       92  fflt_noclz.o(x$fpl$fflt)
    x$fpl$ffltu                              0x00103410   Section        8  fflt_noclz.o(x$fpl$ffltu)
    x$fpl$fmul                               0x00103418   Section      256  fmul.o(x$fpl$fmul)
    x$fpl$fnaninf                            0x00103518   Section      168  fnaninf.o(x$fpl$fnaninf)
    x$fpl$fretinf                            0x001035c0   Section       16  fretinf.o(x$fpl$fretinf)
    x$fpl$frsb                               0x001035d0   Section       20  faddsub_noclz.o(x$fpl$frsb)
    x$fpl$fsub                               0x001035e4   Section      304  faddsub_noclz.o(x$fpl$fsub)
    _fsub1                                   0x001035f0   ARM Code       0  faddsub_noclz.o(x$fpl$fsub)
    x$fpl$retnan                             0x00103714   Section      116  retnan.o(x$fpl$retnan)
    x$fpl$scalbn                             0x00103788   Section      104  scalbn.o(x$fpl$scalbn)
    x$fpl$trapveneer                         0x001037f0   Section       60  trapv.o(x$fpl$trapveneer)
    x$fpl$usenofp                            0x0010382c   Section        0  usenofp.o(x$fpl$usenofp)
    .constdata                               0x00103830   Section      136  pow.o(.constdata)
    bp                                       0x00103830   Data          16  pow.o(.constdata)
    dp_h                                     0x00103840   Data          16  pow.o(.constdata)
    dp_l                                     0x00103850   Data          16  pow.o(.constdata)
    L                                        0x00103860   Data          48  pow.o(.constdata)
    P                                        0x00103890   Data          40  pow.o(.constdata)
    .constdata                               0x001038b8   Section        8  qnan.o(.constdata)
    .data                                    0x00200000   Section       12  pit_example.o(.data)
    VARIABLES                                0x0020000c   Section       12  assembly_exp1_solution.o(VARIABLES)
    INC_VALUE                                0x00200010   Data           4  assembly_exp1_solution.o(VARIABLES)
    DEC_VALUE                                0x00200014   Data           4  assembly_exp1_solution.o(VARIABLES)
    .bss                                     0x00200018   Section      200  pit_example.o(.bss)
    .bss                                     0x002000e0   Section       96  libspace.o(.bss)
    HEAP                                     0x00200140   Section        0  sam7.o(HEAP)
    STACK                                    0x00200140   Section     1160  sam7.o(STACK)
    Heap_Mem                                 0x00200140   Data           0  sam7.o(HEAP)
    Stack_Mem                                0x00200140   Data        1024  sam7.o(STACK)
    Stack_Top                                0x002005c8   Data           0  sam7.o(STACK)

    Global Symbols

    Symbol Name                              Value     Ov Type        Size  Object(Section)

    BuildAttributes$$THM_ISAv1$ARM_ISAv4$S$PE$A:L22$X:L11$S22$IEEE1$IW$USESV6$~STKCKD$USESV7$~SHL$OTIME$ROPI$IEEEX$EBA8$UX$STANDARDLIB$REQ8$PRES8$EABIv2 0x00000000   Number         0  anon$$obj.o ABSOLUTE
    __ARM_use_no_argv                        0x00000000   Number         0  pit_example.o ABSOLUTE
    __ARM_exceptions_init                     - Undefined Weak Reference
    __alloca_initialize                       - Undefined Weak Reference
    __cpp_initialize__aeabi_                  - Undefined Weak Reference
    __cxa_finalize                            - Undefined Weak Reference
    __rt_locale                               - Undefined Weak Reference
    __sigvec_lookup                           - Undefined Weak Reference
    _atexit_init                              - Undefined Weak Reference
    _call_atexit_fns                          - Undefined Weak Reference
    _clock_init                               - Undefined Weak Reference
    _fp_trap_init                             - Undefined Weak Reference
    _fp_trap_shutdown                         - Undefined Weak Reference
    _get_lc_collate                           - Undefined Weak Reference
    _get_lc_ctype                             - Undefined Weak Reference
    _get_lc_monetary                          - Undefined Weak Reference
    _get_lc_numeric                           - Undefined Weak Reference
    _get_lc_time                              - Undefined Weak Reference
    _getenv_init                              - Undefined Weak Reference
    _handle_redirection                       - Undefined Weak Reference
    _init_alloc                               - Undefined Weak Reference
    _init_user_alloc                          - Undefined Weak Reference
    _initio                                   - Undefined Weak Reference
    _rand_init                                - Undefined Weak Reference
    _signal_finish                            - Undefined Weak Reference
    _signal_init                              - Undefined Weak Reference
    _terminate_alloc                          - Undefined Weak Reference
    _terminate_user_alloc                     - Undefined Weak Reference
    _terminateio                              - Undefined Weak Reference
    Reset_Handler                            0x00100058   ARM Code       0  sam7.o(RESET)
    __main                                   0x00100150   ARM Code       8  __main.o(!!!main)
    __scatterload                            0x00100158   ARM Code       0  __scatter.o(!!!scatter)
    __scatterload_rt2                        0x00100158   ARM Code      52  __scatter.o(!!!scatter)
    __scatterload_null                       0x0010016c   ARM Code       0  __scatter.o(!!!scatter)
    __scatterload_copy                       0x00100194   ARM Code      40  __scatter_copy.o(!!handler_copy)
    __scatterload_zeroinit                   0x001001bc   ARM Code      44  __scatter_zi.o(!!handler_zi)
    Inline ARM to Thumb Veneer to __rt_lib_init 0x001001e8   ARM Code       8  libinit.o(.ARM.Collect$$libinit$$00000000)
    __rt_lib_init                            0x001001f1   Thumb Code     0  libinit.o(.ARM.Collect$$libinit$$00000000)
    __rt_lib_init_alloca_1                   0x001001f3   Thumb Code     0  libinit2.o(.ARM.Collect$$libinit$$0000002C)
    __rt_lib_init_argv_1                     0x001001f3   Thumb Code     0  libinit2.o(.ARM.Collect$$libinit$$0000002A)
    __rt_lib_init_atexit_1                   0x001001f3   Thumb Code     0  libinit2.o(.ARM.Collect$$libinit$$00000019)
    __rt_lib_init_clock_1                    0x001001f3   Thumb Code     0  libinit2.o(.ARM.Collect$$libinit$$0000001F)
    __rt_lib_init_cpp_1                      0x001001f3   Thumb Code     0  libinit2.o(.ARM.Collect$$libinit$$00000030)
    __rt_lib_init_exceptions_1               0x001001f3   Thumb Code     0  libinit2.o(.ARM.Collect$$libinit$$0000002E)
    __rt_lib_init_fp_1                       0x001001f3   Thumb Code     0  libinit2.o(.ARM.Collect$$libinit$$00000002)
    __rt_lib_init_fp_trap_1                  0x001001f3   Thumb Code     0  libinit2.o(.ARM.Collect$$libinit$$0000001D)
    __rt_lib_init_getenv_1                   0x001001f3   Thumb Code     0  libinit2.o(.ARM.Collect$$libinit$$00000021)
    __rt_lib_init_heap_1                     0x001001f3   Thumb Code     0  libinit2.o(.ARM.Collect$$libinit$$00000008)
    __rt_lib_init_lc_collate_1               0x001001f3   Thumb Code     0  libinit2.o(.ARM.Collect$$libinit$$0000000F)
    __rt_lib_init_lc_ctype_1                 0x001001f3   Thumb Code     0  libinit2.o(.ARM.Collect$$libinit$$00000011)
    __rt_lib_init_lc_monetary_1              0x001001f3   Thumb Code     0  libinit2.o(.ARM.Collect$$libinit$$00000013)
    __rt_lib_init_lc_numeric_1               0x001001f3   Thumb Code     0  libinit2.o(.ARM.Collect$$libinit$$00000015)
    __rt_lib_init_lc_time_1                  0x001001f3   Thumb Code     0  libinit2.o(.ARM.Collect$$libinit$$00000017)
    __rt_lib_init_rand_1                     0x001001f3   Thumb Code     0  libinit2.o(.ARM.Collect$$libinit$$0000000C)
    __rt_lib_init_return                     0x001001f3   Thumb Code     0  libinit2.o(.ARM.Collect$$libinit$$00000031)
    __rt_lib_init_signal_1                   0x001001f3   Thumb Code     0  libinit2.o(.ARM.Collect$$libinit$$0000001B)
    __rt_lib_init_stdio_1                    0x001001f3   Thumb Code     0  libinit2.o(.ARM.Collect$$libinit$$00000023)
    __rt_lib_init_user_alloc_1               0x001001f3   Thumb Code     0  libinit2.o(.ARM.Collect$$libinit$$0000000A)
    Inline ARM to Thumb Veneer to __rt_lib_shutdown 0x00100200   ARM Code       8  libshutdown.o(.ARM.Collect$$libshutdown$$00000000)
    __rt_lib_shutdown                        0x00100209   Thumb Code     0  libshutdown.o(.ARM.Collect$$libshutdown$$00000000)
    __rt_lib_shutdown_fp_trap_1              0x0010020d   Thumb Code     0  libshutdown2.o(.ARM.Collect$$libshutdown$$00000006)
    __rt_lib_shutdown_heap_1                 0x0010020d   Thumb Code     0  libshutdown2.o(.ARM.Collect$$libshutdown$$0000000E)
    __rt_lib_shutdown_return                 0x0010020d   Thumb Code     0  libshutdown2.o(.ARM.Collect$$libshutdown$$0000000F)
    __rt_lib_shutdown_signal_1               0x0010020d   Thumb Code     0  libshutdown2.o(.ARM.Collect$$libshutdown$$00000009)
    __rt_lib_shutdown_stdio_1                0x0010020d   Thumb Code     0  libshutdown2.o(.ARM.Collect$$libshutdown$$00000003)
    __rt_lib_shutdown_user_alloc_1           0x0010020d   Thumb Code     0  libshutdown2.o(.ARM.Collect$$libshutdown$$0000000B)
    __rt_entry                               0x00100214   ARM Code       0  rtentry.o(.ARM.Collect$$rtentry$$00000000)
    __rt_entry_presh_1                       0x00100214   ARM Code       0  rtentry2.o(.ARM.Collect$$rtentry$$00000002)
    __rt_entry_sh                            0x00100214   ARM Code       0  rtentry4.o(.ARM.Collect$$rtentry$$00000004)
    __rt_entry_li                            0x0010021c   ARM Code       0  rtentry2.o(.ARM.Collect$$rtentry$$0000000A)
    __rt_entry_postsh_1                      0x0010021c   ARM Code       0  rtentry2.o(.ARM.Collect$$rtentry$$00000009)
    __rt_entry_main                          0x00100220   ARM Code       0  rtentry2.o(.ARM.Collect$$rtentry$$0000000D)
    __rt_entry_postli_1                      0x00100220   ARM Code       0  rtentry2.o(.ARM.Collect$$rtentry$$0000000C)
    Inline Thumb to ARM Veneer to __rt_exit  0x00100249   Thumb Code     4  rtexit.o(.ARM.Collect$$rtexit$$00000000)
    __rt_exit                                0x0010024c   ARM Code       0  rtexit.o(.ARM.Collect$$rtexit$$00000000)
    __rt_exit_ls                             0x00100250   ARM Code       0  rtexit2.o(.ARM.Collect$$rtexit$$00000003)
    __rt_exit_prels_1                        0x00100250   ARM Code       0  rtexit2.o(.ARM.Collect$$rtexit$$00000002)
    __rt_exit_exit                           0x00100254   ARM Code       0  rtexit2.o(.ARM.Collect$$rtexit$$00000004)
    __user_initial_stackheap                 0x0010025c   ARM Code       0  sam7.o(.text)
    fputc                                    0x0010027c   ARM Code      28  retarget_solution.o(.text)
    ferror                                   0x00100298   ARM Code      12  retarget_solution.o(.text)
    _ttywrch                                 0x001002a4   ARM Code      24  retarget_solution.o(.text)
    _sys_exit                                0x001002bc   ARM Code       8  retarget_solution.o(.text)
    Integer_ASCII                            0x001002c4   ARM Code     328  integer_convert.o(.text)
    Integer_ASCII_unsigned                   0x0010040c   ARM Code     296  integer_convert.o(.text)
    Integer_ASCII_Fixed_Width                0x00100534   ARM Code     184  integer_convert.o(.text)
    SPURIOUS_ISR                             0x001005f0   ARM Code      20  pit_example.o(.text)
    PITC_ISR                                 0x00100604   ARM Code     212  pit_example.o(.text)
    USART0_ISR                               0x001006d8   ARM Code     132  pit_example.o(.text)
    TC2_ISR                                  0x0010075c   ARM Code     644  pit_example.o(.text)
    AIC_INIT                                 0x001009e0   ARM Code     120  pit_example.o(.text)
    main                                     0x00100a58   ARM Code     168  pit_example.o(.text)
    __I$use$semihosting                      0x00100b44   ARM Code       0  use_no_semi.o(.text)
    __use_no_semihosting_swi                 0x00100b44   ARM Code       4  use_no_semi.o(.text)
    __aeabi_idiv                             0x00100b48   ARM Code       0  aeabi_sdiv.o(.text)
    __aeabi_idivmod                          0x00100b48   ARM Code     384  aeabi_sdiv.o(.text)
    __use_two_region_memory                  0x00100cc9   Thumb Code     2  heapauxi.o(.text)
    __rt_heap_escrow$2region                 0x00100ccb   Thumb Code     2  heapauxi.o(.text)
    __rt_heap_expand$2region                 0x00100ccd   Thumb Code     2  heapauxi.o(.text)
    Inline ARM to Thumb Veneer to __set_errno 0x00100cd0   ARM Code       8  _rserrno.o(.text)
    __read_errno                             0x00100cd9   Thumb Code    14  _rserrno.o(.text)
    __set_errno                              0x00100ce7   Thumb Code    12  _rserrno.o(.text)
    Inline Thumb to ARM Veneer to __aeabi_errno_addr 0x00100cf5   Thumb Code     4  rt_errno_addr_intlibspace.o(.text)
    __aeabi_errno_addr                       0x00100cf8   ARM Code      12  rt_errno_addr_intlibspace.o(.text)
    __errno$intlibspace                      0x00100cf8   ARM Code       0  rt_errno_addr_intlibspace.o(.text)
    __rt_errno_addr$intlibspace              0x00100cf8   ARM Code       0  rt_errno_addr_intlibspace.o(.text)
    __user_libspace                          0x00100d04   ARM Code      12  libspace.o(.text)
    __user_perproc_libspace                  0x00100d04   ARM Code       0  libspace.o(.text)
    __user_perthread_libspace                0x00100d04   ARM Code       0  libspace.o(.text)
    __user_setup_stackheap                   0x00100d10   ARM Code      96  sys_stackheap_outer.o(.text)
    exit                                     0x00100d71   Thumb Code    12  exit.o(.text)
    __aeabi_uidiv                            0x00100d7c   ARM Code       0  aeabi_sdiv.o(.text_udiv)
    __aeabi_uidivmod                         0x00100d7c   ARM Code      36  aeabi_sdiv.o(.text_udiv)
    USART0_INIT                              0x00100da0   ARM Code       0  usart0_solution.o(COMPORT)
    USART0_Transmit                          0x00100df0   ARM Code       0  usart0_solution.o(COMPORT)
    USART0_Receive                           0x00100e20   ARM Code       0  usart0_solution.o(COMPORT)
    USART0_Receive_Check                     0x00100e54   ARM Code       0  usart0_solution.o(COMPORT)
    POWERLED_INIT                            0x00100e94   ARM Code       0  assembly_exp1_solution.o(EXAMPLE)
    USER_LEDS_INIT                           0x00100ec8   ARM Code       0  assembly_exp1_solution.o(EXAMPLE)
    SWITCH_INIT                              0x00100efc   ARM Code       0  assembly_exp1_solution.o(EXAMPLE)
    EXT_LEDS_INIT                            0x00100f28   ARM Code       0  assembly_exp1_solution.o(EXAMPLE)
    DELAY_1MS                                0x00100f60   ARM Code       0  assembly_exp1_solution.o(EXAMPLE)
    POWERLED_CONTROL                         0x00100f80   ARM Code       0  assembly_exp1_solution.o(EXAMPLE)
    LED1_CONTROL                             0x00100fa0   ARM Code       0  assembly_exp1_solution.o(EXAMPLE)
    LED2_CONTROL                             0x00100fc0   ARM Code       0  assembly_exp1_solution.o(EXAMPLE)
    BLINKY                                   0x00100fe0   ARM Code       0  assembly_exp1_solution.o(EXAMPLE)
    COUNTER_1                                0x00101010   ARM Code       0  assembly_exp1_solution.o(EXAMPLE)
    DISPLAY_FUNCTION                         0x00101074   ARM Code       0  assembly_exp1_solution.o(EXAMPLE)
    CHECK_LEFT_JOYSTICK                      0x0010108c   ARM Code       0  assembly_exp1_solution.o(EXAMPLE)
    CHECK_RIGHT_JOYSTICK                     0x001010d4   ARM Code       0  assembly_exp1_solution.o(EXAMPLE)
    COUNTER_2                                0x00101298   ARM Code       0  assembly_exp1_solution.o(EXAMPLE)
    TIMER_CLOCK_INIT                         0x00101330   ARM Code       0  tc_assembly.o(EXAMPLE)
    TC0_INIT                                 0x00101344   ARM Code       0  tc_assembly.o(EXAMPLE)
    TC1_INIT                                 0x0010138c   ARM Code       0  tc_assembly.o(EXAMPLE)
    TC2_INIT                                 0x001013dc   ARM Code       0  tc_assembly.o(EXAMPLE)
    TCB_INIT                                 0x00101414   ARM Code       0  tc_assembly.o(EXAMPLE)
    TC_START                                 0x00101428   ARM Code       0  tc_assembly.o(EXAMPLE)
    __ARM_fpclassify                         0x0010146c   ARM Code      48  fpclassify.o(i.__ARM_fpclassify)
    __kernel_poly                            0x0010149c   ARM Code     256  poly.o(i.__kernel_poly)
    __mathlib_dbl_underflow                  0x0010159c   ARM Code      20  dunder.o(i.__mathlib_dbl_underflow)
    pow                                      0x001015b0   ARM Code    3848  pow.o(i.pow)
    sqrt                                     0x001024b8   ARM Code     112  sqrt.o(i.sqrt)
    __aeabi_d2f                              0x00102528   ARM Code       0  d2f.o(x$fpl$d2f)
    _d2f                                     0x00102528   ARM Code     108  d2f.o(x$fpl$d2f)
    __aeabi_dadd                             0x00102594   ARM Code       0  daddsub_noclz.o(x$fpl$dadd)
    _dadd                                    0x00102594   ARM Code     336  daddsub_noclz.o(x$fpl$dadd)
    __fpl_dcheck_NaN1                        0x001026e8   ARM Code      12  dcheck1.o(x$fpl$dcheck1)
    __fpl_dcmp_Inf                           0x001026f8   ARM Code      28  dcmpi.o(x$fpl$dcmpinf)
    __aeabi_ddiv                             0x00102714   ARM Code       0  ddiv.o(x$fpl$ddiv)
    _ddiv                                    0x00102714   ARM Code     600  ddiv.o(x$fpl$ddiv)
    __aeabi_d2iz                             0x001029f4   ARM Code       0  dfix.o(x$fpl$dfix)
    _dfix                                    0x001029f4   ARM Code     112  dfix.o(x$fpl$dfix)
    __aeabi_i2d                              0x00102a64   ARM Code       0  dflt_noclz.o(x$fpl$dflt)
    _dflt                                    0x00102a64   ARM Code      88  dflt_noclz.o(x$fpl$dflt)
    __dflt_normalise                         0x00102a74   ARM Code       0  dflt_noclz.o(x$fpl$dflt)
    __aeabi_ui2d                             0x00102abc   ARM Code       0  dflt_noclz.o(x$fpl$dfltu)
    _dfltu                                   0x00102abc   ARM Code      12  dflt_noclz.o(x$fpl$dfltu)
    __aeabi_cdcmple                          0x00102ac8   ARM Code       0  dleqf.o(x$fpl$dleqf)
    _dcmple                                  0x00102ac8   ARM Code     148  dleqf.o(x$fpl$dleqf)
    __fpl_dcmple_InfNaN                      0x00102b44   ARM Code       0  dleqf.o(x$fpl$dleqf)
    __aeabi_dmul                             0x00102b5c   ARM Code       0  dmul.o(x$fpl$dmul)
    _dmul                                    0x00102b5c   ARM Code     372  dmul.o(x$fpl$dmul)
    __fpl_dnaninf                            0x00102cdc   ARM Code     192  dnaninf.o(x$fpl$dnaninf)
    __fpl_dretinf                            0x00102d9c   ARM Code      16  dretinf.o(x$fpl$dretinf)
    __aeabi_cdrcmple                         0x00102dac   ARM Code       0  drleqf.o(x$fpl$drleqf)
    _drcmple                                 0x00102dac   ARM Code     140  drleqf.o(x$fpl$drleqf)
    __aeabi_drsub                            0x00102e38   ARM Code       0  daddsub_noclz.o(x$fpl$drsb)
    _drsb                                    0x00102e38   ARM Code      24  daddsub_noclz.o(x$fpl$drsb)
    _dsqrt                                   0x00102e50   ARM Code     516  dsqrt_noumaal.o(x$fpl$dsqrt)
    __aeabi_dsub                             0x00103058   ARM Code       0  daddsub_noclz.o(x$fpl$dsub)
    _dsub                                    0x00103058   ARM Code     576  daddsub_noclz.o(x$fpl$dsub)
    __aeabi_fadd                             0x0010329c   ARM Code       0  faddsub_noclz.o(x$fpl$fadd)
    _fadd                                    0x0010329c   ARM Code     196  faddsub_noclz.o(x$fpl$fadd)
    __aeabi_f2uiz                            0x00103360   ARM Code       0  ffixu.o(x$fpl$ffixu)
    _ffixu                                   0x00103360   ARM Code      84  ffixu.o(x$fpl$ffixu)
    __aeabi_i2f                              0x001033b4   ARM Code       0  fflt_noclz.o(x$fpl$fflt)
    _fflt                                    0x001033b4   ARM Code      92  fflt_noclz.o(x$fpl$fflt)
    __fflt_normalise                         0x001033c0   ARM Code       0  fflt_noclz.o(x$fpl$fflt)
    __aeabi_ui2f                             0x00103410   ARM Code       0  fflt_noclz.o(x$fpl$ffltu)
    _ffltu                                   0x00103410   ARM Code       8  fflt_noclz.o(x$fpl$ffltu)
    __aeabi_fmul                             0x00103418   ARM Code       0  fmul.o(x$fpl$fmul)
    _fmul                                    0x00103418   ARM Code     256  fmul.o(x$fpl$fmul)
    __fpl_fnaninf                            0x00103518   ARM Code     168  fnaninf.o(x$fpl$fnaninf)
    __fpl_fretinf                            0x001035c0   ARM Code      16  fretinf.o(x$fpl$fretinf)
    __aeabi_frsub                            0x001035d0   ARM Code       0  faddsub_noclz.o(x$fpl$frsb)
    _frsb                                    0x001035d0   ARM Code      20  faddsub_noclz.o(x$fpl$frsb)
    __aeabi_fsub                             0x001035e4   ARM Code       0  faddsub_noclz.o(x$fpl$fsub)
    _fsub                                    0x001035e4   ARM Code     304  faddsub_noclz.o(x$fpl$fsub)
    __fpl_return_NaN                         0x00103714   ARM Code     116  retnan.o(x$fpl$retnan)
    __ARM_scalbn                             0x00103788   ARM Code     104  scalbn.o(x$fpl$scalbn)
    __fpl_cmpreturn                          0x001037f0   ARM Code      60  trapv.o(x$fpl$trapveneer)
    __I$use$fp                               0x0010382c   Number         0  usenofp.o(x$fpl$usenofp)
    __mathlib_zero                           0x001038b8   Data           8  qnan.o(.constdata)
    Region$$Table$$Base                      0x001038c0   Number         0  anon$$obj.o(Region$$Table)
    Region$$Table$$Limit                     0x001038e0   Number         0  anon$$obj.o(Region$$Table)
    print_index_g                            0x00200000   Data           4  pit_example.o(.data)
    intervals_g                              0x00200004   Data           4  pit_example.o(.data)
    num_overflows_g                          0x00200008   Data           4  pit_example.o(.data)
    print_array_g                            0x00200018   Data         200  pit_example.o(.bss)
    __libspace_start                         0x002000e0   Data          96  libspace.o(.bss)
    __temporary_stack_top$libspace           0x00200140   Data           0  libspace.o(.bss)



==============================================================================

Memory Map of the image

  Image Entry point : 0x00100150

  Load Region LR_IROM1 (Base: 0x00100000, Size: 0x000038f8, Max: 0x00080000, ABSOLUTE)

    Execution Region ER_IROM1 (Base: 0x00100000, Size: 0x000038e0, Max: 0x00080000, ABSOLUTE)

    Base Addr    Size         Type   Attr      Idx    E Section Name        Object

    0x00100000   0x00000150   Code   RO            9    RESET               sam7.o
    0x00100150   0x00000008   Code   RO          124  * !!!main             c_t.l(__main.o)
    0x00100158   0x0000003c   Code   RO          379    !!!scatter          c_t.l(__scatter.o)
    0x00100194   0x00000028   Code   RO          381    !!handler_copy      c_t.l(__scatter_copy.o)
    0x001001bc   0x0000002c   Code   RO          383    !!handler_zi        c_t.l(__scatter_zi.o)
    0x001001e8   0x00000008   Ven    RO          253    .ARM.Collect$$libinit$$00000000  c_t.l(libinit.o)
    0x001001f0   0x00000002   Code   RO          253    .ARM.Collect$$libinit$$00000000  c_t.l(libinit.o)
    0x001001f2   0x00000000   Code   RO          267    .ARM.Collect$$libinit$$00000002  c_t.l(libinit2.o)
    0x001001f2   0x00000000   Code   RO          270    .ARM.Collect$$libinit$$00000008  c_t.l(libinit2.o)
    0x001001f2   0x00000000   Code   RO          272    .ARM.Collect$$libinit$$0000000A  c_t.l(libinit2.o)
    0x001001f2   0x00000000   Code   RO          274    .ARM.Collect$$libinit$$0000000C  c_t.l(libinit2.o)
    0x001001f2   0x00000000   Code   RO          277    .ARM.Collect$$libinit$$0000000F  c_t.l(libinit2.o)
    0x001001f2   0x00000000   Code   RO          279    .ARM.Collect$$libinit$$00000011  c_t.l(libinit2.o)
    0x001001f2   0x00000000   Code   RO          281    .ARM.Collect$$libinit$$00000013  c_t.l(libinit2.o)
    0x001001f2   0x00000000   Code   RO          283    .ARM.Collect$$libinit$$00000015  c_t.l(libinit2.o)
    0x001001f2   0x00000000   Code   RO          285    .ARM.Collect$$libinit$$00000017  c_t.l(libinit2.o)
    0x001001f2   0x00000000   Code   RO          287    .ARM.Collect$$libinit$$00000019  c_t.l(libinit2.o)
    0x001001f2   0x00000000   Code   RO          289    .ARM.Collect$$libinit$$0000001B  c_t.l(libinit2.o)
    0x001001f2   0x00000000   Code   RO          291    .ARM.Collect$$libinit$$0000001D  c_t.l(libinit2.o)
    0x001001f2   0x00000000   Code   RO          293    .ARM.Collect$$libinit$$0000001F  c_t.l(libinit2.o)
    0x001001f2   0x00000000   Code   RO          295    .ARM.Collect$$libinit$$00000021  c_t.l(libinit2.o)
    0x001001f2   0x00000000   Code   RO          297    .ARM.Collect$$libinit$$00000023  c_t.l(libinit2.o)
    0x001001f2   0x00000000   Code   RO          301    .ARM.Collect$$libinit$$0000002A  c_t.l(libinit2.o)
    0x001001f2   0x00000000   Code   RO          303    .ARM.Collect$$libinit$$0000002C  c_t.l(libinit2.o)
    0x001001f2   0x00000000   Code   RO          305    .ARM.Collect$$libinit$$0000002E  c_t.l(libinit2.o)
    0x001001f2   0x00000000   Code   RO          307    .ARM.Collect$$libinit$$00000030  c_t.l(libinit2.o)
    0x001001f2   0x0000000c   Code   RO          308    .ARM.Collect$$libinit$$00000031  c_t.l(libinit2.o)
    0x001001fe   0x00000002   PAD
    0x00100200   0x00000008   Ven    RO          336    .ARM.Collect$$libshutdown$$00000000  c_t.l(libshutdown.o)
    0x00100208   0x00000004   Code   RO          336    .ARM.Collect$$libshutdown$$00000000  c_t.l(libshutdown.o)
    0x0010020c   0x00000000   Code   RO          363    .ARM.Collect$$libshutdown$$00000003  c_t.l(libshutdown2.o)
    0x0010020c   0x00000000   Code   RO          366    .ARM.Collect$$libshutdown$$00000006  c_t.l(libshutdown2.o)
    0x0010020c   0x00000000   Code   RO          369    .ARM.Collect$$libshutdown$$00000009  c_t.l(libshutdown2.o)
    0x0010020c   0x00000000   Code   RO          371    .ARM.Collect$$libshutdown$$0000000B  c_t.l(libshutdown2.o)
    0x0010020c   0x00000000   Code   RO          374    .ARM.Collect$$libshutdown$$0000000E  c_t.l(libshutdown2.o)
    0x0010020c   0x00000006   Code   RO          375    .ARM.Collect$$libshutdown$$0000000F  c_t.l(libshutdown2.o)
    0x00100212   0x00000002   PAD
    0x00100214   0x00000000   Code   RO          168    .ARM.Collect$$rtentry$$00000000  c_t.l(rtentry.o)
    0x00100214   0x00000000   Code   RO          210    .ARM.Collect$$rtentry$$00000002  c_t.l(rtentry2.o)
    0x00100214   0x00000008   Code   RO          222    .ARM.Collect$$rtentry$$00000004  c_t.l(rtentry4.o)
    0x0010021c   0x00000000   Code   RO          212    .ARM.Collect$$rtentry$$00000009  c_t.l(rtentry2.o)
    0x0010021c   0x00000004   Code   RO          213    .ARM.Collect$$rtentry$$0000000A  c_t.l(rtentry2.o)
    0x00100220   0x00000000   Code   RO          215    .ARM.Collect$$rtentry$$0000000C  c_t.l(rtentry2.o)
    0x00100220   0x00000028   Code   RO          216    .ARM.Collect$$rtentry$$0000000D  c_t.l(rtentry2.o)
    0x00100248   0x00000004   Ven    RO          258    .ARM.Collect$$rtexit$$00000000  c_t.l(rtexit.o)
    0x0010024c   0x00000004   Code   RO          258    .ARM.Collect$$rtexit$$00000000  c_t.l(rtexit.o)
    0x00100250   0x00000000   Code   RO          312    .ARM.Collect$$rtexit$$00000002  c_t.l(rtexit2.o)
    0x00100250   0x00000004   Code   RO          313    .ARM.Collect$$rtexit$$00000003  c_t.l(rtexit2.o)
    0x00100254   0x00000008   Code   RO          314    .ARM.Collect$$rtexit$$00000004  c_t.l(rtexit2.o)
    0x0010025c   0x00000020   Code   RO           10    .text               sam7.o
    0x0010027c   0x00000048   Code   RO           18    .text               retarget_solution.o
    0x001002c4   0x0000032c   Code   RO           44    .text               integer_convert.o
    0x001005f0   0x00000554   Code   RO           69    .text               pit_example.o
    0x00100b44   0x00000004   Code   RO          104    .text               c_t.l(use_no_semi.o)
    0x00100b48   0x00000180   Code   RO          106    .text               c_t.l(aeabi_sdiv.o)
    0x00100cc8   0x00000006   Code   RO          122    .text               c_t.l(heapauxi.o)
    0x00100cce   0x00000002   PAD
    0x00100cd0   0x00000008   Ven    RO          173    .text               c_t.l(_rserrno.o)
    0x00100cd8   0x0000001a   Code   RO          173    .text               c_t.l(_rserrno.o)
    0x00100cf2   0x00000002   PAD
    0x00100cf4   0x00000004   Ven    RO          229    .text               c_t.l(rt_errno_addr_intlibspace.o)
    0x00100cf8   0x0000000c   Code   RO          229    .text               c_t.l(rt_errno_addr_intlibspace.o)
    0x00100d04   0x0000000c   Code   RO          237    .text               c_t.l(libspace.o)
    0x00100d10   0x00000060   Code   RO          240    .text               c_t.l(sys_stackheap_outer.o)
    0x00100d70   0x0000000c   Code   RO          242    .text               c_t.l(exit.o)
    0x00100d7c   0x00000024   Code   RO          107    .text_udiv          c_t.l(aeabi_sdiv.o)
    0x00100da0   0x000000f4   Code   RO           15    COMPORT             usart0_solution.o
    0x00100e94   0x0000049c   Code   RO            2    EXAMPLE             assembly_exp1_solution.o
    0x00101330   0x0000013c   Code   RO           99    EXAMPLE             tc_assembly.o
    0x0010146c   0x00000030   Code   RO          196    i.__ARM_fpclassify  m_ts.l(fpclassify.o)
    0x0010149c   0x00000100   Code   RO          198    i.__kernel_poly     m_ts.l(poly.o)
    0x0010159c   0x00000014   Code   RO          194    i.__mathlib_dbl_underflow  m_ts.l(dunder.o)
    0x001015b0   0x00000f08   Code   RO          159    i.pow               m_ts.l(pow.o)
    0x001024b8   0x00000070   Code   RO          202    i.sqrt              m_ts.l(sqrt.o)
    0x00102528   0x0000006c   Code   RO          126    x$fpl$d2f           fz_ts.l(d2f.o)
    0x00102594   0x00000154   Code   RO          175    x$fpl$dadd          fz_ts.l(daddsub_noclz.o)
    0x001026e8   0x00000010   Code   RO          231    x$fpl$dcheck1       fz_ts.l(dcheck1.o)
    0x001026f8   0x0000001c   Code   RO          254    x$fpl$dcmpinf       fz_ts.l(dcmpi.o)
    0x00102714   0x000002e0   Code   RO          129    x$fpl$ddiv          fz_ts.l(ddiv.o)
    0x001029f4   0x00000070   Code   RO          132    x$fpl$dfix          fz_ts.l(dfix.o)
    0x00102a64   0x00000058   Code   RO          137    x$fpl$dflt          fz_ts.l(dflt_noclz.o)
    0x00102abc   0x0000000c   Code   RO          136    x$fpl$dfltu         fz_ts.l(dflt_noclz.o)
    0x00102ac8   0x00000094   Code   RO          233    x$fpl$dleqf         fz_ts.l(dleqf.o)
    0x00102b5c   0x00000180   Code   RO          140    x$fpl$dmul          fz_ts.l(dmul.o)
    0x00102cdc   0x000000c0   Code   RO          181    x$fpl$dnaninf       fz_ts.l(dnaninf.o)
    0x00102d9c   0x00000010   Code   RO          183    x$fpl$dretinf       fz_ts.l(dretinf.o)
    0x00102dac   0x0000008c   Code   RO          185    x$fpl$drleqf        fz_ts.l(drleqf.o)
    0x00102e38   0x00000018   Code   RO          176    x$fpl$drsb          fz_ts.l(daddsub_noclz.o)
    0x00102e50   0x00000208   Code   RO          235    x$fpl$dsqrt         fz_ts.l(dsqrt_noumaal.o)
    0x00103058   0x00000244   Code   RO          177    x$fpl$dsub          fz_ts.l(daddsub_noclz.o)
    0x0010329c   0x000000c4   Code   RO          142    x$fpl$fadd          fz_ts.l(faddsub_noclz.o)
    0x00103360   0x00000054   Code   RO          148    x$fpl$ffixu         fz_ts.l(ffixu.o)
    0x001033b4   0x0000005c   Code   RO          153    x$fpl$fflt          fz_ts.l(fflt_noclz.o)
    0x00103410   0x00000008   Code   RO          152    x$fpl$ffltu         fz_ts.l(fflt_noclz.o)
    0x00103418   0x00000100   Code   RO          156    x$fpl$fmul          fz_ts.l(fmul.o)
    0x00103518   0x000000a8   Code   RO          187    x$fpl$fnaninf       fz_ts.l(fnaninf.o)
    0x001035c0   0x00000010   Code   RO          189    x$fpl$fretinf       fz_ts.l(fretinf.o)
    0x001035d0   0x00000014   Code   RO          143    x$fpl$frsb          fz_ts.l(faddsub_noclz.o)
    0x001035e4   0x00000130   Code   RO          144    x$fpl$fsub          fz_ts.l(faddsub_noclz.o)
    0x00103714   0x00000074   Code   RO          256    x$fpl$retnan        fz_ts.l(retnan.o)
    0x00103788   0x00000068   Code   RO          191    x$fpl$scalbn        fz_ts.l(scalbn.o)
    0x001037f0   0x0000003c   Code   RO          309    x$fpl$trapveneer    fz_ts.l(trapv.o)
    0x0010382c   0x00000000   Code   RO          193    x$fpl$usenofp       fz_ts.l(usenofp.o)
    0x0010382c   0x00000004   PAD
    0x00103830   0x00000088   Data   RO          160    .constdata          m_ts.l(pow.o)
    0x001038b8   0x00000008   Data   RO          200    .constdata          m_ts.l(qnan.o)
    0x001038c0   0x00000020   Data   RO          377    Region$$Table       anon$$obj.o


    Execution Region RW_IRAM1 (Base: 0x00200000, Size: 0x000005c8, Max: 0x00008000, ABSOLUTE)

    Base Addr    Size         Type   Attr      Idx    E Section Name        Object

    0x00200000   0x0000000c   Data   RW           71    .data               pit_example.o
    0x0020000c   0x0000000c   Data   RW            1    VARIABLES           assembly_exp1_solution.o
    0x00200018   0x000000c8   Zero   RW           70    .bss                pit_example.o
    0x002000e0   0x00000060   Zero   RW          238    .bss                c_t.l(libspace.o)
    0x00200140   0x00000000   Zero   RW            8    HEAP                sam7.o
    0x00200140   0x00000488   Zero   RW            7    STACK               sam7.o


==============================================================================

Image component sizes


      Code (inc. data)   RO Data    RW Data    ZI Data      Debug   Object Name

      1180         28          0         12          0        540   assembly_exp1_solution.o
       812          4          0          0          0       1741   integer_convert.o
      1364         68          0         12        200       3015   pit_example.o
        72          0          0          0          0       3873   retarget_solution.o
       368         84          0          0       1160        412   sam7.o
       316         48          0          0          0        248   tc_assembly.o
       244         16          0          0          0        240   usart0_solution.o

    ----------------------------------------------------------------------
      4356        248         32         24       1360      10069   Object Totals
         0          0         32          0          0          0   (incl. Generated)
         0          0          0          0          0          0   (incl. Padding)

    ----------------------------------------------------------------------

      Code (inc. data)   RO Data    RW Data    ZI Data      Debug   Library Member Name

         8          0          0          0          0         68   __main.o
        60          8          0          0          0          0   __scatter.o
        40          0          0          0          0          0   __scatter_copy.o
        44          0          0          0          0          0   __scatter_zi.o
        34          0          0          0          0        104   _rserrno.o
       420          0          0          0          0        148   aeabi_sdiv.o
        12          0          0          0          0         64   exit.o
         6          0          0          0          0        136   heapauxi.o
        10          0          0          0          0          0   libinit.o
        12          0          0          0          0          0   libinit2.o
        12          0          0          0          0          0   libshutdown.o
         6          0          0          0          0          0   libshutdown2.o
        12          4          0          0         96         68   libspace.o
        16          4          0          0          0         68   rt_errno_addr_intlibspace.o
         0          0          0          0          0          0   rtentry.o
        44          4          0          0          0          0   rtentry2.o
         8          0          0          0          0          0   rtentry4.o
         8          0          0          0          0          0   rtexit.o
        12          0          0          0          0          0   rtexit2.o
        96          0          0          0          0         80   sys_stackheap_outer.o
         4          0          0          0          0         68   use_no_semi.o
       108          4          0          0          0         92   d2f.o
       944         16          0          0          0        368   daddsub_noclz.o
        16          4          0          0          0         68   dcheck1.o
        28          0          0          0          0         68   dcmpi.o
       736        140          0          0          0        228   ddiv.o
       112          4          0          0          0         92   dfix.o
       100          0          0          0          0        136   dflt_noclz.o
       148          4          0          0          0         92   dleqf.o
       384         16          0          0          0        124   dmul.o
       192          0          0          0          0        108   dnaninf.o
        16          0          0          0          0         68   dretinf.o
       140          0          0          0          0         80   drleqf.o
       520         56          0          0          0        144   dsqrt_noumaal.o
       520          8          0          0          0        236   faddsub_noclz.o
        84          4          0          0          0         84   ffixu.o
       100          0          0          0          0        136   fflt_noclz.o
       256          4          0          0          0         84   fmul.o
       168          0          0          0          0         96   fnaninf.o
        16          0          0          0          0         68   fretinf.o
       116          0          0          0          0         68   retnan.o
       104          0          0          0          0         68   scalbn.o
        60          0          0          0          0         68   trapv.o
         0          0          0          0          0          0   usenofp.o
        20          0          0          0          0         68   dunder.o
        48          0          0          0          0         68   fpclassify.o
       256          0          0          0          0        116   poly.o
      3848        100        136          0          0        276   pow.o
         0          0          8          0          0          0   qnan.o
       112          0          0          0          0        100   sqrt.o

    ----------------------------------------------------------------------
     10028        380        144          0         96       4008   Library Totals
        12          0          0          0          0          0   (incl. Padding)

    ----------------------------------------------------------------------

      Code (inc. data)   RO Data    RW Data    ZI Data      Debug   Library Name

       864         20          0          0         96        804   c_t.l
      4868        260          0          0          0       2576   fz_ts.l
      4284        100        144          0          0        628   m_ts.l

    ----------------------------------------------------------------------
     10028        380        144          0         96       4008   Library Totals

    ----------------------------------------------------------------------

==============================================================================


      Code (inc. data)   RO Data    RW Data    ZI Data      Debug   

     14384        628        176         24       1456      11805   Grand Totals
     14384        628        176         24       1456      11805   ELF Image Totals
     14384        628        176         24          0          0   ROM Totals

==============================================================================

    Total RO  Size (Code + RO Data)                14560 (  14.22kB)
    Total RW  Size (RW Data + ZI Data)              1480 (   1.45kB)
    Total ROM Size (Code + RO Data + RW Data)      14584 (  14.24kB)

==============================================================================

