<html>
<body>
<pre>
<h1>µVision Build Log</h1>
<h2>Project:</h2>
S:\CpE5151Lab\CpE5151_Exp4-master\Interrupt_Example_Proj.uvproj
Project File Date:  04/30/2019

<h2>Output:</h2>
Rebuild target 'Target 1'
assembling Assembly_Exp1_solution.s...
assembling SAM7.s...
assembling USART0_solution.s...
compiling retarget_solution.c...
compiling Integer_Convert.c...
compiling PIT_example.c...
assembling TC_Assembly.s...
linking...
Program Size: Code=14384 RO-data=176 RW-data=24 ZI-data=1456  
".\Interrupt_Example_Proj.axf" - 0 Error(s), 0 Warning(s).
Load "S:\\CpE5151Lab\\CpE5151_Exp4-master\\Interrupt_Example_Proj.axf" 
Programming Done.
Verify OK.
</pre>
</body>
</html>
ac, index, temp_array[10], value, switch_input;
PIT_example.c(203): warning:  #177-D: variable "temp_array" was declared but never referenced
    unsigned int  distance_frac, index, temp_array[10], value, switch_input;
PIT_example.c(203): warning:  #177-D: variable "value" was declared but never referenced
    unsigned int  distance_frac, index, temp_array[10], value, switch_input;
PIT_example.c(203): warning:  #177-D: variable "switch_input" was declared but never referenced
    unsigned int  distance_frac, index, temp_array[10], value, switch_input;
PIT_example.c(204): warning:  #177-D: variable "num_overflows" was declared but never referenced
        unsigned int num_overflows, num_counts;
PIT_example.c(204): warning:  #177-D: variable "num_counts" was declared but never referenced
        unsigned int num_overflows, num_counts;
PIT_example.c(205): warning:  #177-D: variable "distance" was declared but never referenced
        float distance;
PIT_example.c(206): warning:  #177-D: variable "distance_int" was declared but never referenced
    int distance_int;  
PIT_example.c: 9 warnings, 0 errors
assembling TC_Assembly.s...
linking...
Program Size: Code=14384 RO-data=176 RW-data=24 ZI-data=1456  
".\Interrupt_Example_Proj.axf" - 0 Error(s), 9 Warning(s).
Load "S:\\CpE5151Lab\\CpE5151_Exp4-master\\Interrupt_Example_Proj.axf" 
Programming Done.
Verify OK.
 to RAM for Flash Algorithms !
Verify Failed!
Error: Flash Download failed  -  ARM7TDMI
Load "S:\\CpE5151Lab\\CpE5151_Exp4-master\\Interrupt_Example_Proj.axf" 
Programming Done.
Verify OK.
